#
# There is insufficient memory for the Java Runtime Environment to continue.
# Native memory allocation (malloc) failed to allocate 1048576 bytes. Error detail: AllocateHeap
# Possible reasons:
#   The system is out of physical RAM or swap space
#   This process is running with CompressedOops enabled, and the Java Heap may be blocking the growth of the native heap
# Possible solutions:
#   Reduce memory load on the system
#   Increase physical memory or swap space
#   Check if swap backing store is full
#   Decrease Java heap size (-Xmx/-Xms)
#   Decrease number of Java threads
#   Decrease Java thread stack sizes (-Xss)
#   Set larger code cache with -XX:ReservedCodeCacheSize=
#   JVM is running with Unscaled Compressed Oops mode in which the Java heap is
#     placed in the first 4GB address space. The Java Heap base address is the
#     maximum limit for the native heap growth. Please use -XX:HeapBaseMinAddress
#     to set the Java Heap base and to place the Java Heap above 4GB virtual address.
# This output file may be truncated or incomplete.
#
#  Out of Memory Error (allocation.cpp:44), pid=3808, tid=21324
#
# JRE version: OpenJDK Runtime Environment Temurin-21.0.9+10 (21.0.9+10) (build 21.0.9+10-LTS)
# Java VM: OpenJDK 64-Bit Server VM Temurin-21.0.9+10 (21.0.9+10-LTS, mixed mode, sharing, tiered, compressed oops, compressed class ptrs, parallel gc, windows-amd64)
# No core dump will be written. Minidumps are not enabled by default on client versions of Windows
#

---------------  S U M M A R Y ------------

Command Line: --add-modules=ALL-SYSTEM --add-opens=java.base/java.util=ALL-UNNAMED --add-opens=java.base/java.lang=ALL-UNNAMED --add-opens=java.base/sun.nio.fs=ALL-UNNAMED -Declipse.application=org.eclipse.jdt.ls.core.id1 -Dosgi.bundles.defaultStartLevel=4 -Declipse.product=org.eclipse.jdt.ls.core.product -Djava.import.generatesMetadataFilesAtProjectRoot=false -DDetectVMInstallationsJob.disabled=true -Dfile.encoding=utf8 -XX:+UseParallelGC -XX:GCTimeRatio=4 -XX:AdaptiveSizePolicyWeight=90 -Dsun.zip.disableMemoryMapping=true -Xmx2G -Xms100m -Xlog:disable -javaagent:c:\Users\Samir Khadka\.antigravity\extensions\redhat.java-1.50.0-win32-x64\lombok\lombok-1.18.39-4050.jar -XX:+HeapDumpOnOutOfMemoryError -XX:HeapDumpPath=c:\Users\Samir Khadka\AppData\Roaming\Antigravity\User\workspaceStorage\1bbed415e89d8f2b7ac21f7c8ca29dba\redhat.java -Daether.dependencyCollector.impl=bf c:\Users\Samir Khadka\.antigravity\extensions\redhat.java-1.50.0-win32-x64\server\plugins\org.eclipse.equinox.launcher_1.7.100.v20251111-0406.jar -configuration c:\Users\Samir Khadka\AppData\Roaming\Antigravity\User\globalStorage\redhat.java\1.50.0\config_win -data c:\Users\Samir Khadka\AppData\Roaming\Antigravity\User\workspaceStorage\1bbed415e89d8f2b7ac21f7c8ca29dba\redhat.java\jdt_ws --pipe=\\.\pipe\lsp-768f35b7d290475213151dd21c0025d9-sock

Host: 11th Gen Intel(R) Core(TM) i5-1135G7 @ 2.40GHz, 8 cores, 7G,  Windows 11 , 64 bit Build 26100 (10.0.26100.6725)
Time: Sat Dec 20 11:44:33 2025 Nepal Standard Time elapsed time: 5638.131640 seconds (0d 1h 33m 58s)

---------------  T H R E A D  ---------------

Current thread (0x000002114bc45280):  JavaThread "Attach Listener" daemon [_thread_in_vm, id=21324, stack(0x0000009b8ae00000,0x0000009b8af00000) (1024K)]

Stack: [0x0000009b8ae00000,0x0000009b8af00000]
Native frames: (J=compiled Java code, j=interpreted, Vv=VM code, C=native code)
V  [jvm.dll+0x6d6e29]
V  [jvm.dll+0x8b4b76]
V  [jvm.dll+0x8b712e]
V  [jvm.dll+0x8b7813]
V  [jvm.dll+0x283d86]
V  [jvm.dll+0xc1277]
V  [jvm.dll+0x6d76d9]
V  [jvm.dll+0x133466]
V  [jvm.dll+0x3f7ea6]
V  [jvm.dll+0x85e9ad]
V  [jvm.dll+0x6d565d]
C  [ucrtbase.dll+0x37b0]
C  [KERNEL32.DLL+0x2e8d7]
C  [ntdll.dll+0x8c53c]


---------------  P R O C E S S  ---------------

Threads class SMR info:
_java_thread_list=0x000002119c0537d0, length=35, elements={
0x0000021132e38880, 0x000002114bc3df60, 0x000002114bc41dd0, 0x000002114bc44830,
0x000002114bc45280, 0x000002114bc45cd0, 0x000002114bc48730, 0x000002114bc494b0,
0x000002114bc60dd0, 0x000002118e728740, 0x000002118e86d610, 0x000002118e87c520,
0x000002118e88d0b0, 0x00000211937d3380, 0x0000021193815560, 0x0000021193b75a90,
0x0000021193a8be90, 0x00000211939a1920, 0x000002118e743d80, 0x000002119348ccc0,
0x000002119348d350, 0x000002119348d9e0, 0x000002119348e070, 0x00000211936e6b00,
0x00000211936e7190, 0x00000211936e8540, 0x00000211936e8bd0, 0x00000211936e7820,
0x00000211936e7eb0, 0x00000211936e9260, 0x00000211936e98f0, 0x00000211936e6470,
0x00000211936ecd70, 0x00000211936eb9c0, 0x0000021195fcb4e0
}

Java Threads: ( => current thread )
  0x0000021132e38880 JavaThread "main"                              [_thread_blocked, id=15728, stack(0x0000009b8a700000,0x0000009b8a800000) (1024K)]
  0x000002114bc3df60 JavaThread "Reference Handler"          daemon [_thread_blocked, id=3116, stack(0x0000009b8ab00000,0x0000009b8ac00000) (1024K)]
  0x000002114bc41dd0 JavaThread "Finalizer"                  daemon [_thread_blocked, id=19768, stack(0x0000009b8ac00000,0x0000009b8ad00000) (1024K)]
  0x000002114bc44830 JavaThread "Signal Dispatcher"          daemon [_thread_blocked, id=8544, stack(0x0000009b8ad00000,0x0000009b8ae00000) (1024K)]
=>0x000002114bc45280 JavaThread "Attach Listener"            daemon [_thread_in_vm, id=21324, stack(0x0000009b8ae00000,0x0000009b8af00000) (1024K)]
  0x000002114bc45cd0 JavaThread "Service Thread"             daemon [_thread_blocked, id=5844, stack(0x0000009b8af00000,0x0000009b8b000000) (1024K)]
  0x000002114bc48730 JavaThread "Monitor Deflation Thread"   daemon [_thread_blocked, id=6656, stack(0x0000009b8b000000,0x0000009b8b100000) (1024K)]
  0x000002114bc494b0 JavaThread "C2 CompilerThread0"         daemon [_thread_blocked, id=3496, stack(0x0000009b8b100000,0x0000009b8b200000) (1024K)]
  0x000002114bc60dd0 JavaThread "C1 CompilerThread0"         daemon [_thread_blocked, id=9872, stack(0x0000009b8b200000,0x0000009b8b300000) (1024K)]
  0x000002118e728740 JavaThread "Common-Cleaner"             daemon [_thread_blocked, id=23456, stack(0x0000009b8b400000,0x0000009b8b500000) (1024K)]
  0x000002118e86d610 JavaThread "Notification Thread"        daemon [_thread_blocked, id=19196, stack(0x0000009b8b300000,0x0000009b8b400000) (1024K)]
  0x000002118e87c520 JavaThread "Active Thread: Equinox Container: 3c2642ae-a8e7-440d-92d1-23bea643207b"        [_thread_blocked, id=6016, stack(0x0000009b8b500000,0x0000009b8b600000) (1024K)]
  0x000002118e88d0b0 JavaThread "Refresh Thread: Equinox Container: 3c2642ae-a8e7-440d-92d1-23bea643207b" daemon [_thread_blocked, id=15644, stack(0x0000009b8bd00000,0x0000009b8be00000) (1024K)]
  0x00000211937d3380 JavaThread "Framework Event Dispatcher: Equinox Container: 3c2642ae-a8e7-440d-92d1-23bea643207b" daemon [_thread_blocked, id=8692, stack(0x0000009b8bc00000,0x0000009b8bd00000) (1024K)]
  0x0000021193815560 JavaThread "Start Level: Equinox Container: 3c2642ae-a8e7-440d-92d1-23bea643207b" daemon [_thread_blocked, id=7724, stack(0x0000009b8bf00000,0x0000009b8c000000) (1024K)]
  0x0000021193b75a90 JavaThread "Bundle File Closer"         daemon [_thread_blocked, id=4996, stack(0x0000009b8c100000,0x0000009b8c200000) (1024K)]
  0x0000021193a8be90 JavaThread "SCR Component Actor"        daemon [_thread_blocked, id=7136, stack(0x0000009b8c000000,0x0000009b8c100000) (1024K)]
  0x00000211939a1920 JavaThread "Worker-JM"                         [_thread_blocked, id=18824, stack(0x0000009b8c200000,0x0000009b8c300000) (1024K)]
  0x000002118e743d80 JavaThread "JNA Cleaner"                daemon [_thread_blocked, id=12472, stack(0x0000009b8c300000,0x0000009b8c400000) (1024K)]
  0x000002119348ccc0 JavaThread "Java indexing"              daemon [_thread_blocked, id=20340, stack(0x0000009b8c900000,0x0000009b8ca00000) (1024K)]
  0x000002119348d350 JavaThread "Worker-4"                          [_thread_blocked, id=22796, stack(0x0000009b8cd00000,0x0000009b8ce00000) (1024K)]
  0x000002119348d9e0 JavaThread "Thread-1"                   daemon [_thread_in_native, id=18984, stack(0x0000009b8ce00000,0x0000009b8cf00000) (1024K)]
  0x000002119348e070 JavaThread "Thread-2"                   daemon [_thread_in_native, id=18628, stack(0x0000009b8cf00000,0x0000009b8d000000) (1024K)]
  0x00000211936e6b00 JavaThread "Thread-3"                   daemon [_thread_in_native, id=13260, stack(0x0000009b8d000000,0x0000009b8d100000) (1024K)]
  0x00000211936e7190 JavaThread "Thread-4"                   daemon [_thread_in_native, id=16816, stack(0x0000009b8d100000,0x0000009b8d200000) (1024K)]
  0x00000211936e8540 JavaThread "Thread-5"                   daemon [_thread_in_native, id=9716, stack(0x0000009b8d200000,0x0000009b8d300000) (1024K)]
  0x00000211936e8bd0 JavaThread "Thread-6"                   daemon [_thread_in_native, id=23208, stack(0x0000009b8d300000,0x0000009b8d400000) (1024K)]
  0x00000211936e7820 JavaThread "Thread-7"                   daemon [_thread_in_native, id=20756, stack(0x0000009b8d400000,0x0000009b8d500000) (1024K)]
  0x00000211936e7eb0 JavaThread "Thread-8"                   daemon [_thread_in_native, id=22308, stack(0x0000009b8d500000,0x0000009b8d600000) (1024K)]
  0x00000211936e9260 JavaThread "Thread-9"                   daemon [_thread_in_native, id=16880, stack(0x0000009b8d600000,0x0000009b8d700000) (1024K)]
  0x00000211936e98f0 JavaThread "pool-2-thread-1"                   [_thread_blocked, id=17664, stack(0x0000009b8d700000,0x0000009b8d800000) (1024K)]
  0x00000211936e6470 JavaThread "WorkspaceEventsHandler"            [_thread_blocked, id=9436, stack(0x0000009b8d800000,0x0000009b8d900000) (1024K)]
  0x00000211936ecd70 JavaThread "pool-1-thread-1"                   [_thread_blocked, id=9004, stack(0x0000009b8d900000,0x0000009b8da00000) (1024K)]
  0x00000211936eb9c0 JavaThread "Timer-0"                           [_thread_blocked, id=20612, stack(0x0000009b8e100000,0x0000009b8e200000) (1024K)]
  0x0000021195fcb4e0 JavaThread "Worker-6"                          [_thread_blocked, id=7836, stack(0x0000009b8e200000,0x0000009b8e300000) (1024K)]
Total: 35

Other Threads:
  0x000002114bc225d0 VMThread "VM Thread"                           [id=15924, stack(0x0000009b8aa00000,0x0000009b8ab00000) (1024K)]
  0x0000021135239350 WatcherThread "VM Periodic Task Thread"        [id=11272, stack(0x0000009b8a900000,0x0000009b8aa00000) (1024K)]
  0x00000211351ea320 WorkerThread "GC Thread#0"                     [id=16164, stack(0x0000009b8a800000,0x0000009b8a900000) (1024K)]
  0x000002119326e720 WorkerThread "GC Thread#1"                     [id=19096, stack(0x0000009b8b600000,0x0000009b8b700000) (1024K)]
  0x000002118e89c540 WorkerThread "GC Thread#2"                     [id=14176, stack(0x0000009b8b700000,0x0000009b8b800000) (1024K)]
  0x000002118e89c8e0 WorkerThread "GC Thread#3"                     [id=13480, stack(0x0000009b8b800000,0x0000009b8b900000) (1024K)]
  0x0000021193582ad0 WorkerThread "GC Thread#4"                     [id=3176, stack(0x0000009b8b900000,0x0000009b8ba00000) (1024K)]
  0x0000021193582e70 WorkerThread "GC Thread#5"                     [id=18720, stack(0x0000009b8ba00000,0x0000009b8bb00000) (1024K)]
  0x0000021193583210 WorkerThread "GC Thread#6"                     [id=6616, stack(0x0000009b8bb00000,0x0000009b8bc00000) (1024K)]
  0x000002118e88e6b0 WorkerThread "GC Thread#7"                     [id=15964, stack(0x0000009b8be00000,0x0000009b8bf00000) (1024K)]
Total: 10

Threads with active compile tasks:
Total: 0

VM state: not at safepoint (normal execution)

VM Mutex/Monitor currently owned by a thread: None

Heap address: 0x0000000080000000, size: 2048 MB, Compressed Oops mode: 32-bit

CDS archive(s) mapped at: [0x000002114c000000-0x000002114cba0000-0x000002114cba0000), size 12189696, SharedBaseAddress: 0x000002114c000000, ArchiveRelocationMode: 1.
Compressed class space mapped at: 0x000002114d000000-0x000002118d000000, reserved size: 1073741824
Narrow klass base: 0x000002114c000000, Narrow klass shift: 0, Narrow klass range: 0x100000000

GC Precious Log:
 CardTable entry size: 512
 CPUs: 8 total, 8 available
 Memory: 7918M
 Large Page Support: Disabled
 NUMA Support: Disabled
 Compressed Oops: Enabled (32-bit)
 Alignments: Space 512K, Generation 512K, Heap 2M
 Heap Min Capacity: 100M
 Heap Initial Capacity: 100M
 Heap Max Capacity: 2G
 Pre-touch: Disabled
 Parallel Workers: 8

Heap:
 PSYoungGen      total 1536K, used 1216K [0x00000000d5580000, 0x00000000d5a80000, 0x0000000100000000)
  eden space 1024K, 93% used [0x00000000d5580000,0x00000000d56702e8,0x00000000d5680000)
  from space 512K, 50% used [0x00000000d5a00000,0x00000000d5a40000,0x00000000d5a80000)
  to   space 512K, 0% used [0x00000000d5980000,0x00000000d5980000,0x00000000d5a00000)
 ParOldGen       total 477184K, used 476746K [0x0000000080000000, 0x000000009d200000, 0x00000000d5580000)
  object space 477184K, 99% used [0x0000000080000000,0x000000009d192910,0x000000009d200000)
 Metaspace       used 73416K, committed 75008K, reserved 1179648K
  class space    used 8200K, committed 8896K, reserved 1048576K

Card table byte_map: [0x0000021134ba0000,0x0000021134fb0000] _byte_map_base: 0x00000211347a0000

Marking Bits: (ParMarkBitMap*) 0x00007ff8c40a2460
 Begin Bits: [0x0000021147680000, 0x0000021149680000)
 End Bits:   [0x0000021149680000, 0x000002114b680000)

Polling page: 0x0000021134990000

Metaspace:

Usage:
  Non-class:     63.69 MB used.
      Class:      8.01 MB used.
       Both:     71.70 MB used.

Virtual space:
  Non-class space:      128.00 MB reserved,      64.56 MB ( 50%) committed,  2 nodes.
      Class space:        1.00 GB reserved,       8.69 MB ( <1%) committed,  1 nodes.
             Both:        1.12 GB reserved,      73.25 MB (  6%) committed. 

Chunk freelists:
   Non-Class:  14.58 MB
       Class:  7.33 MB
        Both:  21.91 MB

MaxMetaspaceSize: unlimited
CompressedClassSpaceSize: 1.00 GB
Initial GC threshold: 21.00 MB
Current GC threshold: 97.81 MB
CDS: on
 - commit_granule_bytes: 65536.
 - commit_granule_words: 8192.
 - virtual_space_node_default_size: 8388608.
 - enlarge_chunks_in_place: 1.
 - use_allocation_guard: 0.


Internal statistics:

num_allocs_failed_limit: 13.
num_arena_births: 1446.
num_arena_deaths: 14.
num_vsnodes_births: 3.
num_vsnodes_deaths: 0.
num_space_committed: 1172.
num_space_uncommitted: 0.
num_chunks_returned_to_freelist: 27.
num_chunks_taken_from_freelist: 4881.
num_chunk_merges: 19.
num_chunk_splits: 3071.
num_chunks_enlarged: 1765.
num_inconsistent_stats: 0.

CodeHeap 'non-profiled nmethods': size=120000Kb used=12393Kb max_used=12393Kb free=107606Kb
 bounds [0x000002113fea0000, 0x0000021140ac0000, 0x00000211473d0000]
CodeHeap 'profiled nmethods': size=120000Kb used=29200Kb max_used=29200Kb free=90799Kb
 bounds [0x00000211383d0000, 0x000002113a060000, 0x000002113f900000]
CodeHeap 'non-nmethods': size=5760Kb used=1452Kb max_used=1538Kb free=4307Kb
 bounds [0x000002113f900000, 0x000002113fb70000, 0x000002113fea0000]
CodeCache: size=245760Kb, used=43045Kb, max_used=43131Kb, free=202712Kb
 total_blobs=13457, nmethods=12703, adapters=659, full_count=0
Compilation: enabled, stopped_count=0, restarted_count=0

Compilation events (20 events):
Event: 3678.063 Thread 0x000002114bc60dd0 13529       3       java.util.Optional::get (22 bytes)
Event: 3678.068 Thread 0x000002114bc60dd0 nmethod 13529 0x000002113a04f290 code [0x000002113a04f440, 0x000002113a04f660]
Event: 3888.181 Thread 0x000002114bc60dd0 13530       3       org.eclipse.jdt.ls.core.internal.ParentProcessWatcher::run (83 bytes)
Event: 3888.226 Thread 0x000002114bc60dd0 nmethod 13530 0x000002113a04f790 code [0x000002113a04fa20, 0x000002113a050478]
Event: 3888.226 Thread 0x000002114bc60dd0 13531       3       org.eclipse.jdt.ls.core.internal.ParentProcessWatcher::parentProcessStillRunning (62 bytes)
Event: 3888.235 Thread 0x000002114bc60dd0 nmethod 13531 0x000002113a050810 code [0x000002113a050a40, 0x000002113a051148]
Event: 3948.249 Thread 0x000002114bc60dd0 13532       3       java.lang.ProcessHandleImpl::<init> (15 bytes)
Event: 3948.250 Thread 0x000002114bc60dd0 nmethod 13532 0x000002113a051390 code [0x000002113a051540, 0x000002113a0516b0]
Event: 4432.239 Thread 0x000002114bc60dd0 13533   !   3       java.util.logging.LogManager::ensureLogManagerInitialized (144 bytes)
Event: 4432.265 Thread 0x000002114bc60dd0 nmethod 13533 0x000002113a051790 code [0x000002113a051aa0, 0x000002113a052bc0]
Event: 4826.020 Thread 0x000002114bc60dd0 13534       1       org.eclipse.osgi.internal.location.BasicLocation::isReadOnly (5 bytes)
Event: 4826.031 Thread 0x000002114bc60dd0 nmethod 13534 0x0000021140ab9d90 code [0x0000021140ab9f20, 0x0000021140ab9ff0]
Event: 5168.992 Thread 0x000002114bc494b0 13535       4       jdk.internal.misc.Unsafe::putIntOpaque (9 bytes)
Event: 5168.993 Thread 0x000002114bc60dd0 13536       3       java.lang.ProcessHandleImpl::get (51 bytes)
Event: 5169.003 Thread 0x000002114bc494b0 nmethod 13535 0x0000021140aba090 code [0x0000021140aba220, 0x0000021140aba2b8]
Event: 5169.008 Thread 0x000002114bc60dd0 nmethod 13536 0x000002113a053190 code [0x000002113a0533a0, 0x000002113a0539a8]
Event: 5169.008 Thread 0x000002114bc60dd0 13537       3       java.lang.ProcessHandleImpl::isAlive (44 bytes)
Event: 5169.009 Thread 0x000002114bc60dd0 nmethod 13537 0x000002113a053c10 code [0x000002113a053dc0, 0x000002113a054020]
Event: 5182.343 Thread 0x000002114bc60dd0 13538       1       com.sun.jna.internal.Cleaner::access$200 (5 bytes)
Event: 5182.349 Thread 0x000002114bc60dd0 nmethod 13538 0x0000021140aba390 code [0x0000021140aba520, 0x0000021140aba5d0]

GC Heap History (20 events):
Event: 51.012 GC heap before
{Heap before GC invocations=684 (full 3):
 PSYoungGen      total 1536K, used 1201K [0x00000000d5580000, 0x00000000d5a80000, 0x0000000100000000)
  eden space 1024K, 98% used [0x00000000d5580000,0x00000000d567c510,0x00000000d5680000)
  from space 512K, 37% used [0x00000000d5a00000,0x00000000d5a30000,0x00000000d5a80000)
  to   space 512K, 0% used [0x00000000d5980000,0x00000000d5980000,0x00000000d5a00000)
 ParOldGen       total 476160K, used 476146K [0x0000000080000000, 0x000000009d100000, 0x00000000d5580000)
  object space 476160K, 99% used [0x0000000080000000,0x000000009d0fc8f0,0x000000009d100000)
 Metaspace       used 73232K, committed 74880K, reserved 1179648K
  class space    used 8191K, committed 8896K, reserved 1048576K
}
Event: 51.014 GC heap after
{Heap after GC invocations=684 (full 3):
 PSYoungGen      total 1536K, used 192K [0x00000000d5580000, 0x00000000d5a80000, 0x0000000100000000)
  eden space 1024K, 0% used [0x00000000d5580000,0x00000000d5580000,0x00000000d5680000)
  from space 512K, 37% used [0x00000000d5980000,0x00000000d59b0000,0x00000000d5a00000)
  to   space 512K, 0% used [0x00000000d5a00000,0x00000000d5a00000,0x00000000d5a80000)
 ParOldGen       total 476672K, used 476202K [0x0000000080000000, 0x000000009d180000, 0x00000000d5580000)
  object space 476672K, 99% used [0x0000000080000000,0x000000009d10a8f0,0x000000009d180000)
 Metaspace       used 73232K, committed 74880K, reserved 1179648K
  class space    used 8191K, committed 8896K, reserved 1048576K
}
Event: 51.035 GC heap before
{Heap before GC invocations=685 (full 3):
 PSYoungGen      total 1536K, used 1198K [0x00000000d5580000, 0x00000000d5a80000, 0x0000000100000000)
  eden space 1024K, 98% used [0x00000000d5580000,0x00000000d567bb00,0x00000000d5680000)
  from space 512K, 37% used [0x00000000d5980000,0x00000000d59b0000,0x00000000d5a00000)
  to   space 512K, 0% used [0x00000000d5a00000,0x00000000d5a00000,0x00000000d5a80000)
 ParOldGen       total 476672K, used 476202K [0x0000000080000000, 0x000000009d180000, 0x00000000d5580000)
  object space 476672K, 99% used [0x0000000080000000,0x000000009d10a8f0,0x000000009d180000)
 Metaspace       used 73232K, committed 74880K, reserved 1179648K
  class space    used 8191K, committed 8896K, reserved 1048576K
}
Event: 51.037 GC heap after
{Heap after GC invocations=685 (full 3):
 PSYoungGen      total 1536K, used 349K [0x00000000d5580000, 0x00000000d5a80000, 0x0000000100000000)
  eden space 1024K, 0% used [0x00000000d5580000,0x00000000d5580000,0x00000000d5680000)
  from space 512K, 68% used [0x00000000d5a00000,0x00000000d5a57710,0x00000000d5a80000)
  to   space 512K, 0% used [0x00000000d5980000,0x00000000d5980000,0x00000000d5a00000)
 ParOldGen       total 476672K, used 476234K [0x0000000080000000, 0x000000009d180000, 0x00000000d5580000)
  object space 476672K, 99% used [0x0000000080000000,0x000000009d1128f0,0x000000009d180000)
 Metaspace       used 73232K, committed 74880K, reserved 1179648K
  class space    used 8191K, committed 8896K, reserved 1048576K
}
Event: 51.081 GC heap before
{Heap before GC invocations=686 (full 3):
 PSYoungGen      total 1536K, used 1373K [0x00000000d5580000, 0x00000000d5a80000, 0x0000000100000000)
  eden space 1024K, 100% used [0x00000000d5580000,0x00000000d5680000,0x00000000d5680000)
  from space 512K, 68% used [0x00000000d5a00000,0x00000000d5a57710,0x00000000d5a80000)
  to   space 512K, 0% used [0x00000000d5980000,0x00000000d5980000,0x00000000d5a00000)
 ParOldGen       total 476672K, used 476234K [0x0000000080000000, 0x000000009d180000, 0x00000000d5580000)
  object space 476672K, 99% used [0x0000000080000000,0x000000009d1128f0,0x000000009d180000)
 Metaspace       used 73232K, committed 74880K, reserved 1179648K
  class space    used 8191K, committed 8896K, reserved 1048576K
}
Event: 51.083 GC heap after
{Heap after GC invocations=686 (full 3):
 PSYoungGen      total 1536K, used 192K [0x00000000d5580000, 0x00000000d5a80000, 0x0000000100000000)
  eden space 1024K, 0% used [0x00000000d5580000,0x00000000d5580000,0x00000000d5680000)
  from space 512K, 37% used [0x00000000d5980000,0x00000000d59b0000,0x00000000d5a00000)
  to   space 512K, 0% used [0x00000000d5a00000,0x00000000d5a00000,0x00000000d5a80000)
 ParOldGen       total 476672K, used 476274K [0x0000000080000000, 0x000000009d180000, 0x00000000d5580000)
  object space 476672K, 99% used [0x0000000080000000,0x000000009d11c8f0,0x000000009d180000)
 Metaspace       used 73232K, committed 74880K, reserved 1179648K
  class space    used 8191K, committed 8896K, reserved 1048576K
}
Event: 51.133 GC heap before
{Heap before GC invocations=687 (full 3):
 PSYoungGen      total 1536K, used 1212K [0x00000000d5580000, 0x00000000d5a80000, 0x0000000100000000)
  eden space 1024K, 99% used [0x00000000d5580000,0x00000000d567f050,0x00000000d5680000)
  from space 512K, 37% used [0x00000000d5980000,0x00000000d59b0000,0x00000000d5a00000)
  to   space 512K, 0% used [0x00000000d5a00000,0x00000000d5a00000,0x00000000d5a80000)
 ParOldGen       total 476672K, used 476274K [0x0000000080000000, 0x000000009d180000, 0x00000000d5580000)
  object space 476672K, 99% used [0x0000000080000000,0x000000009d11c8f0,0x000000009d180000)
 Metaspace       used 73232K, committed 74880K, reserved 1179648K
  class space    used 8191K, committed 8896K, reserved 1048576K
}
Event: 51.135 GC heap after
{Heap after GC invocations=687 (full 3):
 PSYoungGen      total 1536K, used 128K [0x00000000d5580000, 0x00000000d5a80000, 0x0000000100000000)
  eden space 1024K, 0% used [0x00000000d5580000,0x00000000d5580000,0x00000000d5680000)
  from space 512K, 25% used [0x00000000d5a00000,0x00000000d5a20000,0x00000000d5a80000)
  to   space 512K, 0% used [0x00000000d5980000,0x00000000d5980000,0x00000000d5a00000)
 ParOldGen       total 476672K, used 476306K [0x0000000080000000, 0x000000009d180000, 0x00000000d5580000)
  object space 476672K, 99% used [0x0000000080000000,0x000000009d1248f0,0x000000009d180000)
 Metaspace       used 73232K, committed 74880K, reserved 1179648K
  class space    used 8191K, committed 8896K, reserved 1048576K
}
Event: 51.302 GC heap before
{Heap before GC invocations=688 (full 3):
 PSYoungGen      total 1536K, used 1151K [0x00000000d5580000, 0x00000000d5a80000, 0x0000000100000000)
  eden space 1024K, 99% used [0x00000000d5580000,0x00000000d567ffd0,0x00000000d5680000)
  from space 512K, 25% used [0x00000000d5a00000,0x00000000d5a20000,0x00000000d5a80000)
  to   space 512K, 0% used [0x00000000d5980000,0x00000000d5980000,0x00000000d5a00000)
 ParOldGen       total 476672K, used 476306K [0x0000000080000000, 0x000000009d180000, 0x00000000d5580000)
  object space 476672K, 99% used [0x0000000080000000,0x000000009d1248f0,0x000000009d180000)
 Metaspace       used 73241K, committed 74880K, reserved 1179648K
  class space    used 8191K, committed 8896K, reserved 1048576K
}
Event: 51.304 GC heap after
{Heap after GC invocations=688 (full 3):
 PSYoungGen      total 1536K, used 128K [0x00000000d5580000, 0x00000000d5a80000, 0x0000000100000000)
  eden space 1024K, 0% used [0x00000000d5580000,0x00000000d5580000,0x00000000d5680000)
  from space 512K, 25% used [0x00000000d5980000,0x00000000d59a0000,0x00000000d5a00000)
  to   space 512K, 0% used [0x00000000d5a00000,0x00000000d5a00000,0x00000000d5a80000)
 ParOldGen       total 476672K, used 476330K [0x0000000080000000, 0x000000009d180000, 0x00000000d5580000)
  object space 476672K, 99% used [0x0000000080000000,0x000000009d12a8f0,0x000000009d180000)
 Metaspace       used 73241K, committed 74880K, reserved 1179648K
  class space    used 8191K, committed 8896K, reserved 1048576K
}
Event: 51.445 GC heap before
{Heap before GC invocations=689 (full 3):
 PSYoungGen      total 1536K, used 1152K [0x00000000d5580000, 0x00000000d5a80000, 0x0000000100000000)
  eden space 1024K, 100% used [0x00000000d5580000,0x00000000d5680000,0x00000000d5680000)
  from space 512K, 25% used [0x00000000d5980000,0x00000000d59a0000,0x00000000d5a00000)
  to   space 512K, 0% used [0x00000000d5a00000,0x00000000d5a00000,0x00000000d5a80000)
 ParOldGen       total 476672K, used 476330K [0x0000000080000000, 0x000000009d180000, 0x00000000d5580000)
  object space 476672K, 99% used [0x0000000080000000,0x000000009d12a8f0,0x000000009d180000)
 Metaspace       used 73262K, committed 74880K, reserved 1179648K
  class space    used 8191K, committed 8896K, reserved 1048576K
}
Event: 51.446 GC heap after
{Heap after GC invocations=689 (full 3):
 PSYoungGen      total 1536K, used 256K [0x00000000d5580000, 0x00000000d5a80000, 0x0000000100000000)
  eden space 1024K, 0% used [0x00000000d5580000,0x00000000d5580000,0x00000000d5680000)
  from space 512K, 50% used [0x00000000d5a00000,0x00000000d5a40000,0x00000000d5a80000)
  to   space 512K, 0% used [0x00000000d5980000,0x00000000d5980000,0x00000000d5a00000)
 ParOldGen       total 476672K, used 476370K [0x0000000080000000, 0x000000009d180000, 0x00000000d5580000)
  object space 476672K, 99% used [0x0000000080000000,0x000000009d1348f0,0x000000009d180000)
 Metaspace       used 73262K, committed 74880K, reserved 1179648K
  class space    used 8191K, committed 8896K, reserved 1048576K
}
Event: 51.473 GC heap before
{Heap before GC invocations=690 (full 3):
 PSYoungGen      total 1536K, used 1279K [0x00000000d5580000, 0x00000000d5a80000, 0x0000000100000000)
  eden space 1024K, 99% used [0x00000000d5580000,0x00000000d567ffe8,0x00000000d5680000)
  from space 512K, 50% used [0x00000000d5a00000,0x00000000d5a40000,0x00000000d5a80000)
  to   space 512K, 0% used [0x00000000d5980000,0x00000000d5980000,0x00000000d5a00000)
 ParOldGen       total 476672K, used 476370K [0x0000000080000000, 0x000000009d180000, 0x00000000d5580000)
  object space 476672K, 99% used [0x0000000080000000,0x000000009d1348f0,0x000000009d180000)
 Metaspace       used 73283K, committed 74880K, reserved 1179648K
  class space    used 8191K, committed 8896K, reserved 1048576K
}
Event: 51.475 GC heap after
{Heap after GC invocations=690 (full 3):
 PSYoungGen      total 1536K, used 224K [0x00000000d5580000, 0x00000000d5a80000, 0x0000000100000000)
  eden space 1024K, 0% used [0x00000000d5580000,0x00000000d5580000,0x00000000d5680000)
  from space 512K, 43% used [0x00000000d5980000,0x00000000d59b8000,0x00000000d5a00000)
  to   space 512K, 0% used [0x00000000d5a00000,0x00000000d5a00000,0x00000000d5a80000)
 ParOldGen       total 476672K, used 476418K [0x0000000080000000, 0x000000009d180000, 0x00000000d5580000)
  object space 476672K, 99% used [0x0000000080000000,0x000000009d1408f0,0x000000009d180000)
 Metaspace       used 73283K, committed 74880K, reserved 1179648K
  class space    used 8191K, committed 8896K, reserved 1048576K
}
Event: 51.486 GC heap before
{Heap before GC invocations=691 (full 3):
 PSYoungGen      total 1536K, used 1248K [0x00000000d5580000, 0x00000000d5a80000, 0x0000000100000000)
  eden space 1024K, 100% used [0x00000000d5580000,0x00000000d5680000,0x00000000d5680000)
  from space 512K, 43% used [0x00000000d5980000,0x00000000d59b8000,0x00000000d5a00000)
  to   space 512K, 0% used [0x00000000d5a00000,0x00000000d5a00000,0x00000000d5a80000)
 ParOldGen       total 476672K, used 476418K [0x0000000080000000, 0x000000009d180000, 0x00000000d5580000)
  object space 476672K, 99% used [0x0000000080000000,0x000000009d1408f0,0x000000009d180000)
 Metaspace       used 73286K, committed 74880K, reserved 1179648K
  class space    used 8191K, committed 8896K, reserved 1048576K
}
Event: 51.487 GC heap after
{Heap after GC invocations=691 (full 3):
 PSYoungGen      total 1536K, used 256K [0x00000000d5580000, 0x00000000d5a80000, 0x0000000100000000)
  eden space 1024K, 0% used [0x00000000d5580000,0x00000000d5580000,0x00000000d5680000)
  from space 512K, 50% used [0x00000000d5a00000,0x00000000d5a40020,0x00000000d5a80000)
  to   space 512K, 0% used [0x00000000d5980000,0x00000000d5980000,0x00000000d5a00000)
 ParOldGen       total 476672K, used 476490K [0x0000000080000000, 0x000000009d180000, 0x00000000d5580000)
  object space 476672K, 99% used [0x0000000080000000,0x000000009d1528f0,0x000000009d180000)
 Metaspace       used 73286K, committed 74880K, reserved 1179648K
  class space    used 8191K, committed 8896K, reserved 1048576K
}
Event: 51.497 GC heap before
{Heap before GC invocations=692 (full 3):
 PSYoungGen      total 1536K, used 1226K [0x00000000d5580000, 0x00000000d5a80000, 0x0000000100000000)
  eden space 1024K, 94% used [0x00000000d5580000,0x00000000d5672a58,0x00000000d5680000)
  from space 512K, 50% used [0x00000000d5a00000,0x00000000d5a40020,0x00000000d5a80000)
  to   space 512K, 0% used [0x00000000d5980000,0x00000000d5980000,0x00000000d5a00000)
 ParOldGen       total 476672K, used 476490K [0x0000000080000000, 0x000000009d180000, 0x00000000d5580000)
  object space 476672K, 99% used [0x0000000080000000,0x000000009d1528f0,0x000000009d180000)
 Metaspace       used 73320K, committed 74944K, reserved 1179648K
  class space    used 8197K, committed 8896K, reserved 1048576K
}
Event: 51.499 GC heap after
{Heap after GC invocations=692 (full 3):
 PSYoungGen      total 1536K, used 264K [0x00000000d5580000, 0x00000000d5a80000, 0x0000000100000000)
  eden space 1024K, 0% used [0x00000000d5580000,0x00000000d5580000,0x00000000d5680000)
  from space 512K, 51% used [0x00000000d5980000,0x00000000d59c2010,0x00000000d5a00000)
  to   space 512K, 0% used [0x00000000d5a00000,0x00000000d5a00000,0x00000000d5a80000)
 ParOldGen       total 476672K, used 476618K [0x0000000080000000, 0x000000009d180000, 0x00000000d5580000)
  object space 476672K, 99% used [0x0000000080000000,0x000000009d172910,0x000000009d180000)
 Metaspace       used 73320K, committed 74944K, reserved 1179648K
  class space    used 8197K, committed 8896K, reserved 1048576K
}
Event: 208.847 GC heap before
{Heap before GC invocations=693 (full 3):
 PSYoungGen      total 1536K, used 1288K [0x00000000d5580000, 0x00000000d5a80000, 0x0000000100000000)
  eden space 1024K, 100% used [0x00000000d5580000,0x00000000d5680000,0x00000000d5680000)
  from space 512K, 51% used [0x00000000d5980000,0x00000000d59c2010,0x00000000d5a00000)
  to   space 512K, 0% used [0x00000000d5a00000,0x00000000d5a00000,0x00000000d5a80000)
 ParOldGen       total 476672K, used 476618K [0x0000000080000000, 0x000000009d180000, 0x00000000d5580000)
  object space 476672K, 99% used [0x0000000080000000,0x000000009d172910,0x000000009d180000)
 Metaspace       used 73351K, committed 74944K, reserved 1179648K
  class space    used 8199K, committed 8896K, reserved 1048576K
}
Event: 209.257 GC heap after
{Heap after GC invocations=693 (full 3):
 PSYoungGen      total 1536K, used 256K [0x00000000d5580000, 0x00000000d5a80000, 0x0000000100000000)
  eden space 1024K, 0% used [0x00000000d5580000,0x00000000d5580000,0x00000000d5680000)
  from space 512K, 50% used [0x00000000d5a00000,0x00000000d5a40000,0x00000000d5a80000)
  to   space 512K, 0% used [0x00000000d5980000,0x00000000d5980000,0x00000000d5a00000)
 ParOldGen       total 477184K, used 476746K [0x0000000080000000, 0x000000009d200000, 0x00000000d5580000)
  object space 477184K, 99% used [0x0000000080000000,0x000000009d192910,0x000000009d200000)
 Metaspace       used 73351K, committed 74944K, reserved 1179648K
  class space    used 8199K, committed 8896K, reserved 1048576K
}

Dll operation events (13 events):
Event: 0.016 Loaded shared library c:\Users\Samir Khadka\.antigravity\extensions\redhat.java-1.50.0-win32-x64\jre\21.0.9-win32-x86_64\bin\java.dll
Event: 0.255 Loaded shared library c:\Users\Samir Khadka\.antigravity\extensions\redhat.java-1.50.0-win32-x64\jre\21.0.9-win32-x86_64\bin\zip.dll
Event: 0.399 Loaded shared library C:\Users\Samir Khadka\.antigravity\extensions\redhat.java-1.50.0-win32-x64\jre\21.0.9-win32-x86_64\bin\instrument.dll
Event: 0.412 Loaded shared library C:\Users\Samir Khadka\.antigravity\extensions\redhat.java-1.50.0-win32-x64\jre\21.0.9-win32-x86_64\bin\net.dll
Event: 0.430 Loaded shared library C:\Users\Samir Khadka\.antigravity\extensions\redhat.java-1.50.0-win32-x64\jre\21.0.9-win32-x86_64\bin\nio.dll
Event: 0.438 Loaded shared library C:\Users\Samir Khadka\.antigravity\extensions\redhat.java-1.50.0-win32-x64\jre\21.0.9-win32-x86_64\bin\zip.dll
Event: 0.509 Loaded shared library C:\Users\Samir Khadka\.antigravity\extensions\redhat.java-1.50.0-win32-x64\jre\21.0.9-win32-x86_64\bin\jimage.dll
Event: 0.801 Loaded shared library c:\Users\Samir Khadka\.antigravity\extensions\redhat.java-1.50.0-win32-x64\jre\21.0.9-win32-x86_64\bin\verify.dll
Event: 3.641 Loaded shared library C:\Users\Samir Khadka\AppData\Roaming\Antigravity\User\globalStorage\redhat.java\1.50.0\config_win\org.eclipse.equinox.launcher\org.eclipse.equinox.launcher.win32.win32.x86_64_1.2.1400.v20250801-0854\eclipse_11916.dll
Event: 8.426 Loaded shared library C:\Users\Samir Khadka\AppData\Local\Temp\jna-562498990\jna8449790695342787318.dll
Event: 25.549 Loaded shared library C:\Users\Samir Khadka\.gradle\native\1def1411415f61bf3af743bc5b6707747c0891f09f0c88961ee8f79bc544acac\windows-amd64\native-platform.dll
Event: 30.445 Loaded shared library C:\Users\Samir Khadka\.antigravity\extensions\redhat.java-1.50.0-win32-x64\jre\21.0.9-win32-x86_64\bin\management.dll
Event: 30.500 Loaded shared library C:\Users\Samir Khadka\.antigravity\extensions\redhat.java-1.50.0-win32-x64\jre\21.0.9-win32-x86_64\bin\management_ext.dll

Deoptimization events (20 events):
Event: 50.852 Thread 0x0000021195fcae50 Uncommon trap: trap_request=0xffffffc6 fr.pc=0x000002114041c044 relative=0x0000000000000a04
Event: 50.852 Thread 0x0000021195fcae50 Uncommon trap: reason=bimorphic_or_optimized_type_check action=maybe_recompile pc=0x000002114041c044 method=org.eclipse.core.runtime.SubMonitor$RootInfo.checkForCancellation()V @ 4 c2
Event: 50.852 Thread 0x0000021195fcae50 DEOPT PACKING pc=0x000002114041c044 sp=0x0000009b8e5feb00
Event: 50.852 Thread 0x0000021195fcae50 DEOPT UNPACKING pc=0x000002113f956da2 sp=0x0000009b8e5fea18 mode 2
Event: 50.853 Thread 0x0000021195fcdc40 Uncommon trap: trap_request=0xffffffc6 fr.pc=0x000002114041c044 relative=0x0000000000000a04
Event: 50.853 Thread 0x0000021195fcdc40 Uncommon trap: reason=bimorphic_or_optimized_type_check action=maybe_recompile pc=0x000002114041c044 method=org.eclipse.core.runtime.SubMonitor$RootInfo.checkForCancellation()V @ 4 c2
Event: 50.853 Thread 0x0000021195fcdc40 DEOPT PACKING pc=0x000002114041c044 sp=0x0000009b8e4fea40
Event: 50.853 Thread 0x0000021195fcdc40 DEOPT UNPACKING pc=0x000002113f956da2 sp=0x0000009b8e4fe958 mode 2
Event: 50.858 Thread 0x0000021195fcae50 Uncommon trap: trap_request=0xffffffc6 fr.pc=0x000002114041c044 relative=0x0000000000000a04
Event: 50.858 Thread 0x0000021195fcae50 Uncommon trap: reason=bimorphic_or_optimized_type_check action=maybe_recompile pc=0x000002114041c044 method=org.eclipse.core.runtime.SubMonitor$RootInfo.checkForCancellation()V @ 4 c2
Event: 50.858 Thread 0x0000021195fcae50 DEOPT PACKING pc=0x000002114041c044 sp=0x0000009b8e5feae0
Event: 50.858 Thread 0x0000021195fcae50 DEOPT UNPACKING pc=0x000002113f956da2 sp=0x0000009b8e5fe9f8 mode 2
Event: 50.931 Thread 0x0000021195fceff0 Uncommon trap: trap_request=0xffffff45 fr.pc=0x00000211406a1eb8 relative=0x0000000000000418
Event: 50.931 Thread 0x0000021195fceff0 Uncommon trap: reason=unstable_if action=reinterpret pc=0x00000211406a1eb8 method=org.eclipse.core.internal.watson.ElementTree.getElementData(Lorg/eclipse/core/runtime/IPath;)Ljava/lang/Object; @ 29 c2
Event: 50.931 Thread 0x0000021195fceff0 DEOPT PACKING pc=0x00000211406a1eb8 sp=0x0000009b8e7fe790
Event: 50.931 Thread 0x0000021195fceff0 DEOPT UNPACKING pc=0x000002113f956da2 sp=0x0000009b8e7fe670 mode 2
Event: 51.467 Thread 0x0000021195fcdc40 Uncommon trap: trap_request=0xffffffc6 fr.pc=0x000002114041d954 relative=0x0000000000000a14
Event: 51.467 Thread 0x0000021195fcdc40 Uncommon trap: reason=bimorphic_or_optimized_type_check action=maybe_recompile pc=0x000002114041d954 method=org.eclipse.core.runtime.SubMonitor$RootInfo.checkForCancellation()V @ 4 c2
Event: 51.467 Thread 0x0000021195fcdc40 DEOPT PACKING pc=0x000002114041d954 sp=0x0000009b8e4fe9b0
Event: 51.467 Thread 0x0000021195fcdc40 DEOPT UNPACKING pc=0x000002113f956da2 sp=0x0000009b8e4fe938 mode 2

Classes loaded (20 events):
Event: 42.626 Loading class java/util/stream/ReduceOps$1
Event: 42.626 Loading class java/util/stream/ReduceOps$1 done
Event: 42.627 Loading class java/util/stream/ReduceOps$1ReducingSink
Event: 42.627 Loading class java/util/stream/ReduceOps$1ReducingSink done
Event: 50.133 Loading class sun/nio/fs/WindowsFileCopy
Event: 50.160 Loading class sun/nio/fs/WindowsFileCopy done
Event: 50.610 Loading class java/util/concurrent/CompletableFuture$UniApply
Event: 50.610 Loading class java/util/concurrent/CompletableFuture$UniCompletion
Event: 50.610 Loading class java/util/concurrent/CompletableFuture$UniCompletion done
Event: 50.610 Loading class java/util/concurrent/CompletableFuture$UniApply done
Event: 50.612 Loading class java/util/concurrent/CompletableFuture$UniAccept
Event: 50.612 Loading class java/util/concurrent/CompletableFuture$UniAccept done
Event: 50.612 Loading class java/util/concurrent/CompletableFuture$UniExceptionally
Event: 50.612 Loading class java/util/concurrent/CompletableFuture$UniExceptionally done
Event: 50.882 Loading class java/util/AbstractList$RandomAccessSubList
Event: 50.882 Loading class java/util/AbstractList$SubList
Event: 50.882 Loading class java/util/AbstractList$SubList done
Event: 50.882 Loading class java/util/AbstractList$RandomAccessSubList done
Event: 50.882 Loading class java/util/AbstractList$SubList$1
Event: 50.883 Loading class java/util/AbstractList$SubList$1 done

Classes unloaded (7 events):
Event: 11.292 Thread 0x000002114bc225d0 Unloading class 0x000002114d1a5400 'java/lang/invoke/LambdaForm$MH+0x000002114d1a5400'
Event: 11.292 Thread 0x000002114bc225d0 Unloading class 0x000002114d1a5000 'java/lang/invoke/LambdaForm$MH+0x000002114d1a5000'
Event: 11.292 Thread 0x000002114bc225d0 Unloading class 0x000002114d1a4c00 'java/lang/invoke/LambdaForm$MH+0x000002114d1a4c00'
Event: 11.292 Thread 0x000002114bc225d0 Unloading class 0x000002114d1a4800 'java/lang/invoke/LambdaForm$MH+0x000002114d1a4800'
Event: 11.292 Thread 0x000002114bc225d0 Unloading class 0x000002114d1a4400 'java/lang/invoke/LambdaForm$BMH+0x000002114d1a4400'
Event: 11.292 Thread 0x000002114bc225d0 Unloading class 0x000002114d1a4000 'java/lang/invoke/LambdaForm$DMH+0x000002114d1a4000'
Event: 11.292 Thread 0x000002114bc225d0 Unloading class 0x000002114d1a2c00 'java/lang/invoke/LambdaForm$DMH+0x000002114d1a2c00'

Classes redefined (0 events):
No events

Internal exceptions (20 events):
Event: 50.712 Thread 0x0000021195fceff0 Implicit null exception at 0x000002114099e48d to 0x000002114099e7d8
Event: 50.719 Thread 0x0000021195fceff0 Exception <a 'sun/nio/fs/WindowsException'{0x00000000d56da840}> (0x00000000d56da840) 
thrown [s\src\hotspot\share\prims\jni.cpp, line 520]
Event: 50.720 Thread 0x0000021195fceff0 Exception <a 'sun/nio/fs/WindowsException'{0x00000000d56db3e0}> (0x00000000d56db3e0) 
thrown [s\src\hotspot\share\prims\jni.cpp, line 520]
Event: 50.721 Thread 0x0000021195fceff0 Exception <a 'sun/nio/fs/WindowsException'{0x00000000d56dc958}> (0x00000000d56dc958) 
thrown [s\src\hotspot\share\prims\jni.cpp, line 520]
Event: 50.721 Thread 0x0000021195fceff0 Exception <a 'sun/nio/fs/WindowsException'{0x00000000d570bb38}> (0x00000000d570bb38) 
thrown [s\src\hotspot\share\prims\jni.cpp, line 520]
Event: 50.723 Thread 0x0000021195fceff0 Exception <a 'sun/nio/fs/WindowsException'{0x00000000d570da88}> (0x00000000d570da88) 
thrown [s\src\hotspot\share\prims\jni.cpp, line 520]
Event: 50.723 Thread 0x0000021195fceff0 Exception <a 'sun/nio/fs/WindowsException'{0x00000000d5711778}> (0x00000000d5711778) 
thrown [s\src\hotspot\share\prims\jni.cpp, line 520]
Event: 50.781 Thread 0x0000021195fce960 Exception <a 'sun/nio/fs/WindowsException'{0x00000000d57edf40}> (0x00000000d57edf40) 
thrown [s\src\hotspot\share\prims\jni.cpp, line 520]
Event: 50.788 Thread 0x0000021195fce960 Exception <a 'sun/nio/fs/WindowsException'{0x00000000d57ee820}> (0x00000000d57ee820) 
thrown [s\src\hotspot\share\prims\jni.cpp, line 520]
Event: 50.789 Thread 0x0000021195fce960 Exception <a 'sun/nio/fs/WindowsException'{0x00000000d57ef568}> (0x00000000d57ef568) 
thrown [s\src\hotspot\share\prims\jni.cpp, line 520]
Event: 50.789 Thread 0x0000021195fce960 Exception <a 'sun/nio/fs/WindowsException'{0x00000000d5811538}> (0x00000000d5811538) 
thrown [s\src\hotspot\share\prims\jni.cpp, line 520]
Event: 50.807 Thread 0x0000021195fce960 Exception <a 'sun/nio/fs/WindowsException'{0x00000000d5812cd0}> (0x00000000d5812cd0) 
thrown [s\src\hotspot\share\prims\jni.cpp, line 520]
Event: 50.832 Thread 0x0000021195fce960 Exception <a 'sun/nio/fs/WindowsException'{0x00000000d58135b0}> (0x00000000d58135b0) 
thrown [s\src\hotspot\share\prims\jni.cpp, line 520]
Event: 50.843 Thread 0x0000021195fcae50 Exception <a 'java/lang/NoSuchMethodError'{0x00000000d5585768}: 'java.lang.Object java.lang.invoke.DirectMethodHandle$Holder.invokeStaticInit(java.lang.Object, java.lang.Object, java.lang.Object)'> (0x00000000d5585768) 
thrown [s\src\hotspot\share\interpreter\linkResolver.cpp, line 773]
Event: 50.850 Thread 0x0000021195fce960 Exception <a 'sun/nio/fs/WindowsException'{0x00000000d55c9200}> (0x00000000d55c9200) 
thrown [s\src\hotspot\share\prims\jni.cpp, line 520]
Event: 50.850 Thread 0x0000021195fce960 Exception <a 'sun/nio/fs/WindowsException'{0x00000000d55d1e40}> (0x00000000d55d1e40) 
thrown [s\src\hotspot\share\prims\jni.cpp, line 520]
Event: 50.937 Thread 0x0000021195fcae50 Exception <a 'sun/nio/fs/WindowsException'{0x00000000d55d3d70}> (0x00000000d55d3d70) 
thrown [s\src\hotspot\share\prims\jni.cpp, line 520]
Event: 50.937 Thread 0x0000021195fcae50 Exception <a 'sun/nio/fs/WindowsException'{0x00000000d55d4b58}> (0x00000000d55d4b58) 
thrown [s\src\hotspot\share\prims\jni.cpp, line 520]
Event: 51.482 Thread 0x0000021195fcdc40 Exception <a 'sun/nio/fs/WindowsException'{0x00000000d55b2310}> (0x00000000d55b2310) 
thrown [s\src\hotspot\share\prims\jni.cpp, line 520]
Event: 51.482 Thread 0x0000021195fcdc40 Exception <a 'sun/nio/fs/WindowsException'{0x00000000d55c7ff0}> (0x00000000d55c7ff0) 
thrown [s\src\hotspot\share\prims\jni.cpp, line 520]

ZGC Phase Switch (0 events):
No events

VM Operations (20 events):
Event: 5020.557 Executing VM operation: HandshakeAllThreads (HandshakeForDeflation)
Event: 5020.561 Executing VM operation: HandshakeAllThreads (HandshakeForDeflation) done
Event: 5020.561 Executing VM operation: RendezvousGCThreads
Event: 5020.561 Executing VM operation: RendezvousGCThreads done
Event: 5080.758 Executing VM operation: HandshakeAllThreads (HandshakeForDeflation)
Event: 5080.758 Executing VM operation: HandshakeAllThreads (HandshakeForDeflation) done
Event: 5080.758 Executing VM operation: RendezvousGCThreads
Event: 5080.758 Executing VM operation: RendezvousGCThreads done
Event: 5140.881 Executing VM operation: HandshakeAllThreads (HandshakeForDeflation)
Event: 5140.881 Executing VM operation: HandshakeAllThreads (HandshakeForDeflation) done
Event: 5140.882 Executing VM operation: RendezvousGCThreads
Event: 5140.882 Executing VM operation: RendezvousGCThreads done
Event: 5561.604 Executing VM operation: HandshakeAllThreads (HandshakeForDeflation)
Event: 5561.608 Executing VM operation: HandshakeAllThreads (HandshakeForDeflation) done
Event: 5561.609 Executing VM operation: RendezvousGCThreads
Event: 5561.609 Executing VM operation: RendezvousGCThreads done
Event: 5621.698 Executing VM operation: HandshakeAllThreads (HandshakeForDeflation)
Event: 5621.762 Executing VM operation: HandshakeAllThreads (HandshakeForDeflation) done
Event: 5621.762 Executing VM operation: RendezvousGCThreads
Event: 5621.763 Executing VM operation: RendezvousGCThreads done

Memory protections (0 events):
No events

Nmethod flushes (20 events):
Event: 30.626 Thread 0x000002114bc225d0 flushing  nmethod 0x0000021138d0f710
Event: 30.626 Thread 0x000002114bc225d0 flushing  nmethod 0x0000021138d1e890
Event: 30.626 Thread 0x000002114bc225d0 flushing  nmethod 0x0000021138d1fd90
Event: 30.626 Thread 0x000002114bc225d0 flushing  nmethod 0x0000021138d20d10
Event: 30.626 Thread 0x000002114bc225d0 flushing  nmethod 0x0000021138d21e10
Event: 30.626 Thread 0x000002114bc225d0 flushing  nmethod 0x0000021138d32410
Event: 30.626 Thread 0x000002114bc225d0 flushing  nmethod 0x0000021138d38710
Event: 30.626 Thread 0x000002114bc225d0 flushing  nmethod 0x0000021138d58e10
Event: 30.626 Thread 0x000002114bc225d0 flushing  nmethod 0x0000021138d5c610
Event: 30.626 Thread 0x000002114bc225d0 flushing  nmethod 0x0000021138d61b10
Event: 30.626 Thread 0x000002114bc225d0 flushing  nmethod 0x0000021138d92e10
Event: 30.626 Thread 0x000002114bc225d0 flushing  nmethod 0x0000021138da4a90
Event: 30.626 Thread 0x000002114bc225d0 flushing  nmethod 0x0000021138db6090
Event: 30.626 Thread 0x000002114bc225d0 flushing  nmethod 0x0000021138dba610
Event: 30.626 Thread 0x000002114bc225d0 flushing  nmethod 0x0000021138dbb510
Event: 30.626 Thread 0x000002114bc225d0 flushing  nmethod 0x0000021138df7490
Event: 30.626 Thread 0x000002114bc225d0 flushing  nmethod 0x0000021138df7a90
Event: 30.626 Thread 0x000002114bc225d0 flushing  nmethod 0x0000021138df8310
Event: 30.626 Thread 0x000002114bc225d0 flushing  nmethod 0x0000021138df8690
Event: 30.626 Thread 0x000002114bc225d0 flushing  nmethod 0x0000021138dfa790

Events (20 events):
Event: 51.201 Thread 0x000002119c171600 Thread exited: 0x000002119c171600
Event: 51.201 Thread 0x000002119c173140 Thread exited: 0x000002119c173140
Event: 82.635 Thread 0x00000211936ec050 Thread exited: 0x00000211936ec050
Event: 111.548 Thread 0x0000021195fce960 Thread exited: 0x0000021195fce960
Event: 111.604 Thread 0x00000211936eb330 Thread exited: 0x00000211936eb330
Event: 111.641 Thread 0x0000021193490140 Thread exited: 0x0000021193490140
Event: 111.646 Thread 0x000002119348fab0 Thread exited: 0x000002119348fab0
Event: 111.651 Thread 0x000002119348e700 Thread exited: 0x000002119348e700
Event: 111.666 Thread 0x000002119348ed90 Thread exited: 0x000002119348ed90
Event: 142.647 Thread 0x00000211936eaca0 Thread exited: 0x00000211936eaca0
Event: 171.569 Thread 0x0000021195fcdc40 Thread exited: 0x0000021195fcdc40
Event: 202.665 Thread 0x00000211936ed400 Thread exited: 0x00000211936ed400
Event: 231.539 Thread 0x0000021195fcae50 Thread exited: 0x0000021195fcae50
Event: 262.669 Thread 0x00000211936ea610 Thread exited: 0x00000211936ea610
Event: 291.558 Thread 0x0000021195fceff0 Thread exited: 0x0000021195fceff0
Event: 322.675 Thread 0x00000211936e9f80 Thread exited: 0x00000211936e9f80
Event: 351.562 Thread 0x0000021195fcd5b0 Thread exited: 0x0000021195fcd5b0
Event: 382.679 Thread 0x00000211936eda90 Thread exited: 0x00000211936eda90
Event: 411.581 Thread 0x0000021195fccf20 Thread exited: 0x0000021195fccf20
Event: 471.592 Thread 0x0000021195fcbb70 Thread exited: 0x0000021195fcbb70


Dynamic libraries:
0x00007ff641ff0000 - 0x00007ff641ffe000 	c:\Users\Samir Khadka\.antigravity\extensions\redhat.java-1.50.0-win32-x64\jre\21.0.9-win32-x86_64\bin\java.exe
0x00007ff919300000 - 0x00007ff919568000 	C:\WINDOWS\SYSTEM32\ntdll.dll
0x00007ff9174e0000 - 0x00007ff9175a9000 	C:\WINDOWS\System32\KERNEL32.DLL
0x00007ff916580000 - 0x00007ff916972000 	C:\WINDOWS\System32\KERNELBASE.dll
0x00007ff916ee0000 - 0x00007ff91702b000 	C:\WINDOWS\System32\ucrtbase.dll
0x00007ff90e640000 - 0x00007ff90e658000 	c:\Users\Samir Khadka\.antigravity\extensions\redhat.java-1.50.0-win32-x64\jre\21.0.9-win32-x86_64\bin\jli.dll
0x00007ff919020000 - 0x00007ff9191e5000 	C:\WINDOWS\System32\USER32.dll
0x00007ff916490000 - 0x00007ff9164b7000 	C:\WINDOWS\System32\win32u.dll
0x00007ff9173f0000 - 0x00007ff91741b000 	C:\WINDOWS\System32\GDI32.dll
0x00007ff916d20000 - 0x00007ff916e4d000 	C:\WINDOWS\System32\gdi32full.dll
0x00007ff916b00000 - 0x00007ff916ba3000 	C:\WINDOWS\System32\msvcp_win.dll
0x00007ff90f750000 - 0x00007ff90f76e000 	c:\Users\Samir Khadka\.antigravity\extensions\redhat.java-1.50.0-win32-x64\jre\21.0.9-win32-x86_64\bin\VCRUNTIME140.dll
0x00007ff8f8210000 - 0x00007ff8f84a3000 	C:\WINDOWS\WinSxS\amd64_microsoft.windows.common-controls_6595b64144ccf1df_6.0.26100.6899_none_3e0efeeae32e88c1\COMCTL32.dll
0x00007ff917dc0000 - 0x00007ff917e69000 	C:\WINDOWS\System32\msvcrt.dll
0x00007ff9174a0000 - 0x00007ff9174cf000 	C:\WINDOWS\System32\IMM32.DLL
0x00007ff912e60000 - 0x00007ff912e6c000 	c:\Users\Samir Khadka\.antigravity\extensions\redhat.java-1.50.0-win32-x64\jre\21.0.9-win32-x86_64\bin\vcruntime140_1.dll
0x00007ff8e9330000 - 0x00007ff8e93bd000 	c:\Users\Samir Khadka\.antigravity\extensions\redhat.java-1.50.0-win32-x64\jre\21.0.9-win32-x86_64\bin\msvcp140.dll
0x00007ff8c33e0000 - 0x00007ff8c4180000 	c:\Users\Samir Khadka\.antigravity\extensions\redhat.java-1.50.0-win32-x64\jre\21.0.9-win32-x86_64\bin\server\jvm.dll
0x00007ff9191f0000 - 0x00007ff9192a4000 	C:\WINDOWS\System32\ADVAPI32.dll
0x00007ff918010000 - 0x00007ff9180b6000 	C:\WINDOWS\System32\sechost.dll
0x00007ff917ca0000 - 0x00007ff917db8000 	C:\WINDOWS\System32\RPCRT4.dll
0x00007ff9170d0000 - 0x00007ff917144000 	C:\WINDOWS\System32\WS2_32.dll
0x00007ff9162f0000 - 0x00007ff91634e000 	C:\WINDOWS\SYSTEM32\POWRPROF.dll
0x00007ff90c760000 - 0x00007ff90c795000 	C:\WINDOWS\SYSTEM32\WINMM.dll
0x00007ff90eaa0000 - 0x00007ff90eaab000 	C:\WINDOWS\SYSTEM32\VERSION.dll
0x00007ff9162d0000 - 0x00007ff9162e4000 	C:\WINDOWS\SYSTEM32\UMPDC.dll
0x00007ff915220000 - 0x00007ff91523b000 	C:\WINDOWS\SYSTEM32\kernel.appcore.dll
0x00007ff90ef90000 - 0x00007ff90ef9a000 	c:\Users\Samir Khadka\.antigravity\extensions\redhat.java-1.50.0-win32-x64\jre\21.0.9-win32-x86_64\bin\jimage.dll
0x00007ff913af0000 - 0x00007ff913d32000 	C:\WINDOWS\SYSTEM32\DBGHELP.DLL
0x00007ff918160000 - 0x00007ff9184db000 	C:\WINDOWS\System32\combase.dll
0x00007ff917e70000 - 0x00007ff917f47000 	C:\WINDOWS\System32\OLEAUT32.dll
0x00007ff8faf00000 - 0x00007ff8faf3c000 	C:\WINDOWS\SYSTEM32\dbgcore.DLL
0x00007ff917030000 - 0x00007ff9170c8000 	C:\WINDOWS\System32\bcryptPrimitives.dll
0x00007ff90e5a0000 - 0x00007ff90e5af000 	c:\Users\Samir Khadka\.antigravity\extensions\redhat.java-1.50.0-win32-x64\jre\21.0.9-win32-x86_64\bin\instrument.dll
0x00007ff90e620000 - 0x00007ff90e640000 	c:\Users\Samir Khadka\.antigravity\extensions\redhat.java-1.50.0-win32-x64\jre\21.0.9-win32-x86_64\bin\java.dll
0x00007ff9185e0000 - 0x00007ff918d2d000 	C:\WINDOWS\System32\SHELL32.dll
0x00007ff916bb0000 - 0x00007ff916d1b000 	C:\WINDOWS\System32\wintypes.dll
0x00007ff9140a0000 - 0x00007ff9148fd000 	C:\WINDOWS\SYSTEM32\windows.storage.dll
0x00007ff917710000 - 0x00007ff917802000 	C:\WINDOWS\System32\SHCORE.dll
0x00007ff9172f0000 - 0x00007ff917352000 	C:\WINDOWS\System32\shlwapi.dll
0x00007ff9163b0000 - 0x00007ff9163d9000 	C:\WINDOWS\SYSTEM32\profapi.dll
0x00007ff8ec2e0000 - 0x00007ff8ec2f8000 	c:\Users\Samir Khadka\.antigravity\extensions\redhat.java-1.50.0-win32-x64\jre\21.0.9-win32-x86_64\bin\zip.dll
0x00007ff90e6c0000 - 0x00007ff90e6d0000 	C:\Users\Samir Khadka\.antigravity\extensions\redhat.java-1.50.0-win32-x64\jre\21.0.9-win32-x86_64\bin\net.dll
0x00007ff90e830000 - 0x00007ff90e94f000 	C:\WINDOWS\SYSTEM32\WINHTTP.dll
0x00007ff915770000 - 0x00007ff9157db000 	C:\WINDOWS\system32\mswsock.dll
0x00007ff8eae90000 - 0x00007ff8eaea6000 	C:\Users\Samir Khadka\.antigravity\extensions\redhat.java-1.50.0-win32-x64\jre\21.0.9-win32-x86_64\bin\nio.dll
0x00007ff904880000 - 0x00007ff904890000 	c:\Users\Samir Khadka\.antigravity\extensions\redhat.java-1.50.0-win32-x64\jre\21.0.9-win32-x86_64\bin\verify.dll
0x00007ff8da450000 - 0x00007ff8da494000 	C:\Users\Samir Khadka\AppData\Roaming\Antigravity\User\globalStorage\redhat.java\1.50.0\config_win\org.eclipse.equinox.launcher\org.eclipse.equinox.launcher.win32.win32.x86_64_1.2.1400.v20250801-0854\eclipse_11916.dll
0x00007ff917150000 - 0x00007ff9172e8000 	C:\WINDOWS\System32\ole32.dll
0x00007ff915b50000 - 0x00007ff915b6b000 	C:\WINDOWS\SYSTEM32\CRYPTSP.dll
0x00007ff915180000 - 0x00007ff9151bb000 	C:\WINDOWS\system32\rsaenh.dll
0x00007ff915810000 - 0x00007ff91583b000 	C:\WINDOWS\SYSTEM32\USERENV.dll
0x00007ff916380000 - 0x00007ff9163a6000 	C:\WINDOWS\SYSTEM32\bcrypt.dll
0x00007ff915b30000 - 0x00007ff915b3c000 	C:\WINDOWS\SYSTEM32\CRYPTBASE.dll
0x00007ff914c70000 - 0x00007ff914ca4000 	C:\WINDOWS\SYSTEM32\IPHLPAPI.DLL
0x00007ff918130000 - 0x00007ff91813a000 	C:\WINDOWS\System32\NSI.dll
0x00007ff8d8450000 - 0x00007ff8d8499000 	C:\Users\Samir Khadka\AppData\Local\Temp\jna-562498990\jna8449790695342787318.dll
0x00007ff918140000 - 0x00007ff918148000 	C:\WINDOWS\System32\PSAPI.DLL
0x00007ff90eab0000 - 0x00007ff90eace000 	C:\WINDOWS\SYSTEM32\dhcpcsvc6.DLL
0x00007ff90e790000 - 0x00007ff90e7b3000 	C:\WINDOWS\SYSTEM32\dhcpcsvc.DLL
0x00007ff8e91b0000 - 0x00007ff8e91d7000 	C:\Users\Samir Khadka\.gradle\native\1def1411415f61bf3af743bc5b6707747c0891f09f0c88961ee8f79bc544acac\windows-amd64\native-platform.dll
0x00007ff906880000 - 0x00007ff90688a000 	C:\Users\Samir Khadka\.antigravity\extensions\redhat.java-1.50.0-win32-x64\jre\21.0.9-win32-x86_64\bin\management.dll
0x00007ff905830000 - 0x00007ff90583c000 	C:\Users\Samir Khadka\.antigravity\extensions\redhat.java-1.50.0-win32-x64\jre\21.0.9-win32-x86_64\bin\management_ext.dll

JVMTI agents:
c:\Users\Samir Khadka\.antigravity\extensions\redhat.java-1.50.0-win32-x64\lombok\lombok-1.18.39-4050.jar path:c:\Users\Samir Khadka\.antigravity\extensions\redhat.java-1.50.0-win32-x64\jre\21.0.9-win32-x86_64\bin\instrument.dll, loaded, initialized, instrumentlib options:none

dbghelp: loaded successfully - version: 4.0.5 - missing functions: none
symbol engine: initialized successfully - sym options: 0x614 - pdb path: .;c:\Users\Samir Khadka\.antigravity\extensions\redhat.java-1.50.0-win32-x64\jre\21.0.9-win32-x86_64\bin;C:\WINDOWS\SYSTEM32;C:\WINDOWS\WinSxS\amd64_microsoft.windows.common-controls_6595b64144ccf1df_6.0.26100.6899_none_3e0efeeae32e88c1;c:\Users\Samir Khadka\.antigravity\extensions\redhat.java-1.50.0-win32-x64\jre\21.0.9-win32-x86_64\bin\server;C:\Users\Samir Khadka\AppData\Roaming\Antigravity\User\globalStorage\redhat.java\1.50.0\config_win\org.eclipse.equinox.launcher\org.eclipse.equinox.launcher.win32.win32.x86_64_1.2.1400.v20250801-0854;C:\Users\Samir Khadka\AppData\Local\Temp\jna-562498990;C:\Users\Samir Khadka\.gradle\native\1def1411415f61bf3af743bc5b6707747c0891f09f0c88961ee8f79bc544acac\windows-amd64

VM Arguments:
jvm_args: --add-modules=ALL-SYSTEM --add-opens=java.base/java.util=ALL-UNNAMED --add-opens=java.base/java.lang=ALL-UNNAMED --add-opens=java.base/sun.nio.fs=ALL-UNNAMED -Declipse.application=org.eclipse.jdt.ls.core.id1 -Dosgi.bundles.defaultStartLevel=4 -Declipse.product=org.eclipse.jdt.ls.core.product -Djava.import.generatesMetadataFilesAtProjectRoot=false -DDetectVMInstallationsJob.disabled=true -Dfile.encoding=utf8 -XX:+UseParallelGC -XX:GCTimeRatio=4 -XX:AdaptiveSizePolicyWeight=90 -Dsun.zip.disableMemoryMapping=true -Xmx2G -Xms100m -Xlog:disable -javaagent:c:\Users\Samir Khadka\.antigravity\extensions\redhat.java-1.50.0-win32-x64\lombok\lombok-1.18.39-4050.jar -XX:+HeapDumpOnOutOfMemoryError -XX:HeapDumpPath=c:\Users\Samir Khadka\AppData\Roaming\Antigravity\User\workspaceStorage\1bbed415e89d8f2b7ac21f7c8ca29dba\redhat.java -Daether.dependencyCollector.impl=bf 
java_command: c:\Users\Samir Khadka\.antigravity\extensions\redhat.java-1.50.0-win32-x64\server\plugins\org.eclipse.equinox.launcher_1.7.100.v20251111-0406.jar -configuration c:\Users\Samir Khadka\AppData\Roaming\Antigravity\User\globalStorage\redhat.java\1.50.0\config_win -data c:\Users\Samir Khadka\AppData\Roaming\Antigravity\User\workspaceStorage\1bbed415e89d8f2b7ac21f7c8ca29dba\redhat.java\jdt_ws --pipe=\\.\pipe\lsp-768f35b7d290475213151dd21c0025d9-sock
java_class_path (initial): c:\Users\Samir Khadka\.antigravity\extensions\redhat.java-1.50.0-win32-x64\server\plugins\org.eclipse.equinox.launcher_1.7.100.v20251111-0406.jar
Launcher Type: SUN_STANDARD

[Global flags]
    uintx AdaptiveSizePolicyWeight                 = 90                                        {product} {command line}
     intx CICompilerCount                          = 4                                         {product} {ergonomic}
    uintx GCTimeRatio                              = 4                                         {product} {command line}
     bool HeapDumpOnOutOfMemoryError               = true                                   {manageable} {command line}
    ccstr HeapDumpPath                             = c:\Users\Samir Khadka\AppData\Roaming\Antigravity\User\workspaceStorage\1bbed415e89d8f2b7ac21f7c8ca29dba\redhat.java         {manageable} {command line}
   size_t InitialHeapSize                          = 104857600                                 {product} {command line}
   size_t MaxHeapSize                              = 2147483648                                {product} {command line}
   size_t MaxNewSize                               = 715653120                                 {product} {ergonomic}
   size_t MinHeapDeltaBytes                        = 524288                                    {product} {ergonomic}
   size_t MinHeapSize                              = 104857600                                 {product} {command line}
   size_t NewSize                                  = 34603008                                  {product} {ergonomic}
    uintx NonNMethodCodeHeapSize                   = 5839372                                {pd product} {ergonomic}
    uintx NonProfiledCodeHeapSize                  = 122909434                              {pd product} {ergonomic}
   size_t OldSize                                  = 70254592                                  {product} {ergonomic}
    uintx ProfiledCodeHeapSize                     = 122909434                              {pd product} {ergonomic}
    uintx ReservedCodeCacheSize                    = 251658240                              {pd product} {ergonomic}
     bool SegmentedCodeCache                       = true                                      {product} {ergonomic}
   size_t SoftMaxHeapSize                          = 2147483648                             {manageable} {ergonomic}
     bool UseCompressedOops                        = true                           {product lp64_product} {ergonomic}
     bool UseLargePagesIndividualAllocation        = false                                  {pd product} {ergonomic}
     bool UseParallelGC                            = true                                      {product} {command line}

Logging:
Log output configuration:
 #0: stdout all=off uptime,level,tags foldmultilines=false
 #1: stderr all=off uptime,level,tags foldmultilines=false

Release file:
JAVA_VERSION="21.0.9" 
MODULES="java.base java.compiler java.datatransfer java.xml java.prefs java.desktop java.instrument java.logging java.management java.security.sasl java.naming java.rmi java.management.rmi java.net.http java.scripting java.security.jgss java.transaction.xa java.sql java.sql.rowset java.xml.crypto java.se java.smartcardio jdk.accessibility jdk.internal.jvmstat jdk.attach jdk.charsets jdk.internal.opt jdk.zipfs jdk.compiler jdk.crypto.ec jdk.crypto.cryptoki jdk.crypto.mscapi jdk.dynalink jdk.internal.ed jdk.editpad jdk.hotspot.agent jdk.httpserver jdk.internal.le jdk.internal.vm.ci jdk.internal.vm.compiler jdk.internal.vm.compiler.management jdk.jartool jdk.javadoc jdk.jcmd jdk.management jdk.management.agent jdk.jconsole jdk.jdeps jdk.jdwp.agent jdk.jdi jdk.jfr jdk.jshell jdk.jsobject jdk.jstatd jdk.localedata jdk.management.jfr jdk.naming.dns jdk.naming.rmi jdk.net jdk.nio.mapmode jdk.random jdk.sctp jdk.security.auth jdk.security.jgss jdk.unsupported jdk.unsupported.desktop jdk.xml.dom" 

Environment Variables:
PATH=C:\Program Files\Common Files\Oracle\Java\javapath;c:\Users\Samir Khadka\AppData\Local\Programs\cursor\resources\app\bin;C:\WINDOWS\system32;C:\WINDOWS;C:\WINDOWS\System32\Wbem;C:\WINDOWS\System32\WindowsPowerShell\v1.0\;C:\WINDOWS\System32\OpenSSH\;C:\Users\Samir Khadka\AppData\Local\Microsoft\WindowsApps;C:\WINDOWS\system32;C:\WINDOWS;C:\WINDOWS\System32\Wbem;C:\WINDOWS\System32\WindowsPowerShell\v1.0\;C:\WINDOWS\System32\OpenSSH\;C:\Program Files\Microsoft SQL Server\150\Tools\Binn\;C:\Program Files\Git\cmd;C:\Windows\Microsoft.NET\Framework64\v4.0.30319;C:\Program Files\dotnet\;C:\Program Files\nodejs\;C:\Program Files\Amazon\AWSCLIV2\;C:\Program Files\Kubernetes\Minikube;C:\flutter;C:\Users\Samir Khadka\AppData\Local\Pub\Cache\bin;;C:\Program Files\Docker\Docker\resources\bin;C:\Users\Samir Khadka\AppData\Local\Programs\Python\Python39\Scripts\;C:\Users\Samir Khadka\AppData\Local\Programs\Python\Python39\;C:\Users\Samir Khadka\AppData\Local\Microsoft\WindowsApps;C:\Users\Samir Khadka\AppData\Local\Programs\Microsoft VS Code\bin;C:\Users\Samir Khadka\.dotnet\tools;C:\Users\Samir Khadka\AppData\Roaming\npm;C:\Users\YourUser\AppData\Local\Programs\Python\Python311\Scripts;C:\Users\Samir Khadka\AppData\Local\Programs\Antigravity\bin
USERNAME=Samir Khadka
OS=Windows_NT
PROCESSOR_IDENTIFIER=Intel64 Family 6 Model 140 Stepping 1, GenuineIntel
TMP=C:\Users\SAMIRK~1\AppData\Local\Temp
TEMP=C:\Users\SAMIRK~1\AppData\Local\Temp




Periodic native trim disabled

---------------  S Y S T E M  ---------------

OS:
 Windows 11 , 64 bit Build 26100 (10.0.26100.6725)
OS uptime: 8 days 14:02 hours
Hyper-V role detected

CPU: total 8 (initial active 8) (4 cores per cpu, 2 threads per core) family 6 model 140 stepping 1 microcode 0xbc, cx8, cmov, fxsr, ht, mmx, 3dnowpref, sse, sse2, sse3, ssse3, sse4.1, sse4.2, popcnt, lzcnt, tsc, tscinvbit, avx, avx2, aes, erms, clmul, bmi1, bmi2, adx, avx512f, avx512dq, avx512cd, avx512bw, avx512vl, sha, fma, vzeroupper, avx512_vpopcntdq, avx512_vpclmulqdq, avx512_vaes, avx512_vnni, clflush, clflushopt, clwb, avx512_vbmi2, avx512_vbmi, hv, rdtscp, rdpid, fsrm, gfni, avx512_bitalg, f16c, cet_ibt, cet_ss, avx512_ifma
Processor Information for the first 8 processors :
  Max Mhz: 2419, Current Mhz: 2419, Mhz Limit: 2419

Memory: 4k page, system-wide physical 7918M (144M free)
TotalPageFile size 29612M (AvailPageFile size 5M)
current process WorkingSet (physical memory assigned to process): 7M, peak: 662M
current process commit charge ("private bytes"): 776M, peak: 801M

vm_info: OpenJDK 64-Bit Server VM (21.0.9+10-LTS) for windows-amd64 JRE (21.0.9+10-LTS), built on 2025-10-21T00:00:00Z by "admin" with unknown MS VC++:1942

END.
